
> brainsales@2.5.0 build
> next build

node.exe : [@sentry/nextjs] DEPRECATION WARNING: 
disableLogger is deprecated and will be removed in a 
future version. Use 
webpack.treeshake.removeDebugLogging instead.
At line:1 char:1
+ & "C:\Program Files\nodejs/node.exe" 
"C:\Users\iian\AppData\Roaming\n ...
+ ~~~~~~~~~~~~~~~~~~~~~~~~~~~~~~~~~~~~~~~~~~~~~~~~~~~~~
~~~~~~~~~~~~~~~~
    + CategoryInfo          : NotSpecified: ([@sentry  
  /nextjs...ogging instead.:String) [], RemoteExcep    
tion
    + FullyQualifiedErrorId : NativeCommandError
 
[@sentry/nextjs] ACTION REQUIRED: To instrument 
navigations, the Sentry SDK requires you to export an 
`onRouterTransitionStart` hook from your 
`instrumentation-client.(js|ts)` file. You can do so 
by adding `export const onRouterTransitionStart = 
Sentry.captureRouterTransitionStart;` to the file.
 ΓÜá Invalid next.config.ts options detected: 
 ΓÜá     Unrecognized key(s) in object: 'reactCompiler'
 ΓÜá See more info here: 
https://nextjs.org/docs/messages/invalid-next-config
   Γû▓ Next.js 15.5.9
   - Environments: .env.local
   - Experiments (use with caution):
     ┬╖ clientTraceMetadata

   Creating an optimized production build ...
[@sentry/nextjs] Could not find `onRequestError` hook 
in instrumentation file. This indicates outdated 
configuration of the Sentry SDK. Use 
`Sentry.captureRequestError` to instrument the 
`onRequestError` hook: https://docs.sentry.io/platforms
/javascript/guides/nextjs/manual-setup/#errors-from-nes
ted-react-server-components
<w> [webpack.cache.PackFileCacheStrategy] Serializing 
big strings (189kiB) impacts deserialization 
performance (consider using Buffer instead and decode 
when needed)
<w> [webpack.cache.PackFileCacheStrategy] Serializing 
big strings (139kiB) impacts deserialization 
performance (consider using Buffer instead and decode 
when needed)
 Γ£ô Compiled successfully in 33.2s
   Linting and checking validity of types ...
 Γ¿» ESLint: Key "rules": Key 
"react-compiler/react-compiler": Could not find plugin 
"react-compiler" in configuration.
Failed to compile.

./src/components/ScriptEditor/NodeEditPanel.tsx:804:25
Type error: Type 'string' is not assignable to type 
'"medium" | "high"'.

[0m [90m 802 |[39m                       
onChange[33m=[39m{(e) [33m=>[39m {
 [90m 803 |[39m                         
[36mconst[39m current [33m=[39m [[33m...[39m(form
Data[33m.[39mmetadata[33m?[39m[33m.[39maiTransiti
onTriggers [33m||[39m [])][33m;[39m
[31m[1m>[22m[39m[90m 804 |[39m                   
      current[index][33m.[39mconfidence [33m=[39m 
e[33m.[39mtarget[33m.[39mvalue[33m;[39m
 [90m     |[39m                         
[31m[1m^[22m[39m
 [90m 805 |[39m                         
handleChange([32m"metadata"[39m[33m,[39m { 
[33m...[39mformData[33m.[39mmetadata[33m,[39m 
aiTransitionTriggers[33m:[39m current })[33m;[39m
 [90m 806 |[39m                       }}
 [90m 807 |[39m                       
disabled[33m=[39m{isReadOnly}[0m
Next.js build worker exited with code: 1 and signal: 
null
